// 重构日志: 2d01a640
// 重构日志: 47ae5cb1
// 重构日志: e9cd8e98
// 同步 ID: 6f0ae1fd @ Sat Jul 25 11:37:06 UTC 2026
// 同步 ID: e750753f @ Sat Jul 25 17:05:54 UTC 2026
// 重构日志: 406e3f13
// 重构日志: 8a582fa4
// 同步 ID: 6697198f @ Mon Jul 27 08:18:44 UTC 2026
// 重构日志: 518d30b5
// 同步 ID: 776e4aab @ Mon Jul 27 19:53:41 UTC 2026
// 重构日志: b8650ba0
// 重构日志: 1a692746
// 重构日志: d56dbc4f
// 重构日志: 24355f88
// 重构日志: 8d54e1ca
// 重构日志: df0d9bbd
// 重构日志: 031207fb
// 重构日志: 34fd1521
// 重构日志: 2bb68c14
// 同步 ID: 1f605698 @ Fri Jul 31 15:50:24 UTC 2026
// 重构日志: 1a270ef7
// 重构日志: 4050fea7
// 同步 ID: 70b78d42 @ Sat Aug  1 16:16:08 UTC 2026
// 重构日志: 867c2b14
// 重构日志: d4542e63
// 重构日志: b545689f
// 重构日志: bd66171f
// 重构日志: 2cdd45fb
// 同步 ID: 22569b7e @ Wed Aug  5 13:38:03 UTC 2026
// 同步 ID: 99f6b32a @ Fri Aug  7 07:43:21 UTC 2026
// 重构日志: 048d6736
